2026-09-16 04:10:07.470: [INFO] CurrentProfilePath: D:\JAVA prgms\EmployeeManagement\.metadata\.plugins\org.eclipse.swt\EBWebView\Default
2026-09-16 04:10:07.470: [INFO] Profiles total count: 1
2026-09-16 04:10:07.470: [INFO] Profile: name=Profile 1 path=D:\JAVA prgms\EmployeeManagement\.metadata\.plugins\org.eclipse.swt\EBWebView\Default lastActive=null
2026-09-16 04:10:07.470: [INFO] LastUsedProfileDir: D:\JAVA prgms\EmployeeManagement\.metadata\.plugins\org.eclipse.swt\EBWebView\Default
2026-09-16 04:10:07.470: [INFO] OnDoneLoading sync enabled: 0
2026-09-16 04:10:07.470: [INFO] BookmarkModelLoaded, ids_reassigned: 0
2026-09-16 04:10:07.470: [INFO] BookmarksLoadDropped droppedNodes=0
2026-09-16 04:10:07.470: [INFO] BookmarksSnapshot Startup total=0 bar=0 other=0 mobile=0 showBar=0 showBarNTP=1
2026-09-16 04:10:11.602: [INFO] BookmarksSnapshot Shutdown total=0 bar=0 other=0 mobile=0 showBar=0 showBarNTP=1
2026-09-16 04:14:38.981: [INFO] CurrentProfilePath: D:\JAVA prgms\EmployeeManagement\.metadata\.plugins\org.eclipse.swt\EBWebView\Default
2026-09-16 04:14:38.981: [INFO] Profiles total count: 1
2026-09-16 04:14:38.981: [INFO] Profile: name=Profile 1 path=D:\JAVA prgms\EmployeeManagement\.metadata\.plugins\org.eclipse.swt\EBWebView\Default lastActive=2026-09-16T04:10:08.047Z
2026-09-16 04:14:38.981: [INFO] LastUsedProfileDir: D:\JAVA prgms\EmployeeManagement\.metadata\.plugins\org.eclipse.swt\EBWebView\Default
2026-09-16 04:14:38.981: [INFO] MostRecentlyActiveProfile: name=Profile 1 path=D:\JAVA prgms\EmployeeManagement\.metadata\.plugins\org.eclipse.swt\EBWebView\Default lastActive=2026-09-16T04:10:08.047Z
2026-09-16 04:14:38.981: [INFO] OnDoneLoading sync enabled: 0
2026-09-16 04:14:38.981: [INFO] BookmarkModelLoaded, ids_reassigned: 0
2026-09-16 04:14:38.981: [INFO] BookmarksLoadDropped droppedNodes=0
2026-09-16 04:14:38.981: [INFO] BookmarksSnapshot Startup total=0 bar=0 other=0 mobile=0 showBar=0 showBarNTP=1
2026-09-16 04:16:07.794: [INFO] BookmarksSnapshot Shutdown total=0 bar=0 other=0 mobile=0 showBar=0 showBarNTP=1
2026-09-16 04:19:12.534: [INFO] CurrentProfilePath: D:\JAVA prgms\EmployeeManagement\.metadata\.plugins\org.eclipse.swt\EBWebView\Default
2026-09-16 04:19:12.534: [INFO] Profiles total count: 1
2026-09-16 04:19:12.534: [INFO] Profile: name=Profile 1 path=D:\JAVA prgms\EmployeeManagement\.metadata\.plugins\org.eclipse.swt\EBWebView\Default lastActive=2026-09-16T04:14:53.834Z
2026-09-16 04:19:12.534: [INFO] LastUsedProfileDir: D:\JAVA prgms\EmployeeManagement\.metadata\.plugins\org.eclipse.swt\EBWebView\Default
2026-09-16 04:19:12.534: [INFO] MostRecentlyActiveProfile: name=Profile 1 path=D:\JAVA prgms\EmployeeManagement\.metadata\.plugins\org.eclipse.swt\EBWebView\Default lastActive=2026-09-16T04:14:53.834Z
2026-09-16 04:19:12.534: [INFO] OnDoneLoading sync enabled: 0
2026-09-16 04:19:12.534: [INFO] BookmarkModelLoaded, ids_reassigned: 0
2026-09-16 04:19:12.534: [INFO] BookmarksLoadDropped droppedNodes=0
2026-09-16 04:19:12.534: [INFO] BookmarksSnapshot Startup total=0 bar=0 other=0 mobile=0 showBar=0 showBarNTP=1
2026-09-16 04:19:19.735: [INFO] BookmarksSnapshot Shutdown total=0 bar=0 other=0 mobile=0 showBar=0 showBarNTP=1
2026-09-16 04:20:06.004: [INFO] CurrentProfilePath: D:\JAVA prgms\EmployeeManagement\.metadata\.plugins\org.eclipse.swt\EBWebView\Default
2026-09-16 04:20:06.004: [INFO] Profiles total count: 1
2026-09-16 04:20:06.004: [INFO] Profile: name=Profile 1 path=D:\JAVA prgms\EmployeeManagement\.metadata\.plugins\org.eclipse.swt\EBWebView\Default lastActive=2026-09-16T04:19:12.740Z
2026-09-16 04:20:06.004: [INFO] LastUsedProfileDir: D:\JAVA prgms\EmployeeManagement\.metadata\.plugins\org.eclipse.swt\EBWebView\Default
2026-09-16 04:20:06.004: [INFO] MostRecentlyActiveProfile: name=Profile 1 path=D:\JAVA prgms\EmployeeManagement\.metadata\.plugins\org.eclipse.swt\EBWebView\Default lastActive=2026-09-16T04:19:12.740Z
2026-09-16 04:20:06.004: [INFO] OnDoneLoading sync enabled: 0
2026-09-16 04:20:06.004: [INFO] BookmarkModelLoaded, ids_reassigned: 0
2026-09-16 04:20:06.004: [INFO] BookmarksLoadDropped droppedNodes=0
2026-09-16 04:20:06.004: [INFO] BookmarksSnapshot Startup total=0 bar=0 other=0 mobile=0 showBar=0 showBarNTP=1
2026-09-16 04:20:17.376: [INFO] BookmarksSnapshot Shutdown total=0 bar=0 other=0 mobile=0 showBar=0 showBarNTP=1
2026-09-16 04:26:10.973: [INFO] CurrentProfilePath: D:\JAVA prgms\EmployeeManagement\.metadata\.plugins\org.eclipse.swt\EBWebView\Default
2026-09-16 04:26:10.973: [INFO] Profiles total count: 1
2026-09-16 04:26:10.973: [INFO] Profile: name=Profile 1 path=D:\JAVA prgms\EmployeeManagement\.metadata\.plugins\org.eclipse.swt\EBWebView\Default lastActive=2026-09-16T04:19:12.740Z
2026-09-16 04:26:10.973: [INFO] LastUsedProfileDir: D:\JAVA prgms\EmployeeManagement\.metadata\.plugins\org.eclipse.swt\EBWebView\Default
2026-09-16 04:26:10.973: [INFO] MostRecentlyActiveProfile: name=Profile 1 path=D:\JAVA prgms\EmployeeManagement\.metadata\.plugins\org.eclipse.swt\EBWebView\Default lastActive=2026-09-16T04:19:12.740Z
2026-09-16 04:26:10.973: [INFO] OnDoneLoading sync enabled: 0
2026-09-16 04:26:10.973: [INFO] BookmarkModelLoaded, ids_reassigned: 0
2026-09-16 04:26:10.973: [INFO] BookmarksLoadDropped droppedNodes=0
2026-09-16 04:26:10.973: [INFO] BookmarksSnapshot Startup total=0 bar=0 other=0 mobile=0 showBar=0 showBarNTP=1
2026-09-16 04:26:57.850: [INFO] BookmarksSnapshot Shutdown total=0 bar=0 other=0 mobile=0 showBar=0 showBarNTP=1
